$ git checkout --force c84b91b7603e488f7171fdff8f08368ef3d6b856
$ git clean -fdx
$ git checkout --force e245046bb6e8b32360aa48b8a41fb7050f0fc730
$ git clean -fdx
$ git checkout --force f0632c0fc7339f68e992ed63ae4cfac76cd41aad
$ git clean -fdx
$ git checkout --force 39d0fdd9096f7dceccbc8f82e1eda7dd64717a8e
$ git clean -fdx
$ git checkout --force 0192aac24123735b3eaf9b08df46429bb770c283
$ git clean -fdx
$ git checkout --force c84b91b7603e488f7171fdff8f08368ef3d6b856
$ git clean -fdx
$ git checkout --force e245046bb6e8b32360aa48b8a41fb7050f0fc730
$ git clean -fdx
$ git apply --check /home/gfy/CodeMAS_Project/sglang-kvflow/results/swe_generated_patch_kvcomm/qwen2_5_7b_json_5_chunked/django__django-11149/lossless.patch
$ git apply --check /home/gfy/CodeMAS_Project/sglang-kvflow/results/swe_generated_patch_kvcomm/qwen2_5_7b_json_5_chunked/django__django-11149/lossy.patch
$ git checkout --force f0632c0fc7339f68e992ed63ae4cfac76cd41aad
$ git clean -fdx
Traceback (most recent call last):
  File "/home/gfy/CodeMAS_Project/sglang-kvflow/benchmark/multi_workflow/bench_swe_generated_patch_kvcomm.py", line 895, in <module>
    asyncio.run(run_benchmark(parse_args()))
  File "/home/gfy/.conda/envs/sglang-kvflow/lib/python3.12/asyncio/runners.py", line 195, in run
    return runner.run(main)
           ^^^^^^^^^^^^^^^^
  File "/home/gfy/.conda/envs/sglang-kvflow/lib/python3.12/asyncio/runners.py", line 118, in run
    return self._loop.run_until_complete(task)
           ^^^^^^^^^^^^^^^^^^^^^^^^^^^^^^^^^^^
  File "/home/gfy/.conda/envs/sglang-kvflow/lib/python3.12/asyncio/base_events.py", line 691, in run_until_complete
    return future.result()
           ^^^^^^^^^^^^^^^
  File "/home/gfy/CodeMAS_Project/sglang-kvflow/benchmark/multi_workflow/bench_swe_generated_patch_kvcomm.py", line 670, in run_benchmark
    await post_chat(
  File "/home/gfy/CodeMAS_Project/sglang-kvflow/benchmark/multi_workflow/bench_swe_generated_patch_kvcomm.py", line 166, in post_chat
    async with session.post(
               ^^^^^^^^^^^^^
  File "/home/gfy/.conda/envs/sglang-kvflow/lib/python3.12/site-packages/aiohttp/client.py", line 1521, in __aenter__
    self._resp: _RetType = await self._coro
                           ^^^^^^^^^^^^^^^^
  File "/home/gfy/.conda/envs/sglang-kvflow/lib/python3.12/site-packages/aiohttp/client.py", line 788, in _request
    resp = await handler(req)
           ^^^^^^^^^^^^^^^^^^
  File "/home/gfy/.conda/envs/sglang-kvflow/lib/python3.12/site-packages/aiohttp/client.py", line 766, in _connect_and_send_request
    await resp.start(conn)
  File "/home/gfy/.conda/envs/sglang-kvflow/lib/python3.12/site-packages/aiohttp/client_reqrep.py", line 539, in start
    message, payload = await protocol.read()  # type: ignore[union-attr]
                       ^^^^^^^^^^^^^^^^^^^^^
  File "/home/gfy/.conda/envs/sglang-kvflow/lib/python3.12/site-packages/aiohttp/streams.py", line 707, in read
    await self._waiter
aiohttp.client_exceptions.ServerDisconnectedError: Server disconnected
